Warning: merge-batch-graphs: 2 batch file(s) with unrecognized filenames will be DROPPED — files: batch-existing-full.json, batch-ai-agent-income.json — fix the file-analyzer agent to use only batch-<N>.json or batch-<N>-part-<K>.json patterns
Found 5 batch files (3 logical batches, 0 multi-part):
  batch-0.json: 630 nodes, 1154 edges
  batch-12.json: 6 nodes, 10 edges
  batch-14.json: 25 nodes, 32 edges

Input: 661 nodes, 1196 edges

Fixed (103 corrections):
    12 × bare path → file: (missing prefix)
     9 × bare path → document: (missing prefix)
     9 × complexity "low" → "simple"
     8 × complexity "medium" → "moderate"
     2 × complexity "high" → "complex"
    32 × edge references rewritten after ID normalization
    31 × duplicate node IDs removed (kept last)

Could not fix (38 issues — needs agent review):
    24 × unknown node type "code" (not in schema, kept as-is)
     2 × unknown node type "markup" (not in schema, kept as-is)
    12 × complexity None → defaulted to "moderate"

Output: 630 nodes, 1154 edges

Warning: dropped 2 batch file(s) with unrecognized filenames — files: batch-existing-full.json, batch-ai-agent-income.json — fix the file-analyzer agent to use only batch-<N>.json or batch-<N>-part-<K>.json patterns (every node/edge in these files was excluded from the final graph)

Imports edge recovery:
  importMap recovery skipped — scan-result.json not found

Written to /Users/myos/.myos/workspace/projects/mastermind/workshop-site/.understand-anything/intermediate/assembled-graph.json (543 KB)
