Found 3 batch files (3 logical batches, 0 multi-part):
  batch-0.json: 605 nodes, 1114 edges
  batch-12.json: 6 nodes, 10 edges
  batch-14.json: 25 nodes, 32 edges

Input: 636 nodes, 1156 edges

Fixed (78 corrections):
    12 × bare path → file: (missing prefix)
     9 × bare path → document: (missing prefix)
     9 × complexity "low" → "simple"
     8 × complexity "medium" → "moderate"
     2 × complexity "high" → "complex"
    32 × edge references rewritten after ID normalization
     6 × duplicate node IDs removed (kept last)

Could not fix (25 issues — needs agent review):
    12 × unknown node type "code" (not in schema, kept as-is)
     1 × unknown node type "markup" (not in schema, kept as-is)
    12 × complexity None → defaulted to "moderate"

Output: 630 nodes, 1154 edges

Imports edge recovery:
  Recovered 0 `imports` edges from importMap (251 entries scanned)

Written to /Users/myos/.myos/workspace/projects/mastermind/workshop-site/.understand-anything/intermediate/assembled-graph.json (543 KB)
